------------------------------------------------------------
TimeQuest Timing Analyzer Summary
------------------------------------------------------------

Type  : Slow 1200mV 85C Model Setup 'memClk'
Slack : -12.574
TNS   : -239.103

Type  : Slow 1200mV 85C Model Setup 'cpuClk'
Slack : -12.307
TNS   : -762.711

Type  : Slow 1200mV 85C Model Setup 'cpu1:main_processor|Control_New:control_unit|present_state.state_2'
Slack : -4.999
TNS   : -54.018

Type  : Slow 1200mV 85C Model Hold 'cpu1:main_processor|Control_New:control_unit|present_state.state_2'
Slack : 0.213
TNS   : 0.000

Type  : Slow 1200mV 85C Model Hold 'cpuClk'
Slack : 0.388
TNS   : 0.000

Type  : Slow 1200mV 85C Model Hold 'memClk'
Slack : 0.678
TNS   : 0.000

Type  : Slow 1200mV 85C Model Recovery 'cpuClk'
Slack : -3.217
TNS   : -146.854

Type  : Slow 1200mV 85C Model Removal 'cpuClk'
Slack : 0.728
TNS   : 0.000

Type  : Slow 1200mV 85C Model Minimum Pulse Width 'cpuClk'
Slack : -3.000
TNS   : -161.178

Type  : Slow 1200mV 85C Model Minimum Pulse Width 'memClk'
Slack : -3.000
TNS   : -149.147

Type  : Slow 1200mV 85C Model Minimum Pulse Width 'cpu1:main_processor|Control_New:control_unit|present_state.state_2'
Slack : 0.368
TNS   : 0.000

Type  : Slow 1200mV 0C Model Setup 'memClk'
Slack : -11.457
TNS   : -212.116

Type  : Slow 1200mV 0C Model Setup 'cpuClk'
Slack : -11.168
TNS   : -682.333

Type  : Slow 1200mV 0C Model Setup 'cpu1:main_processor|Control_New:control_unit|present_state.state_2'
Slack : -4.620
TNS   : -50.819

Type  : Slow 1200mV 0C Model Hold 'cpuClk'
Slack : 0.341
TNS   : 0.000

Type  : Slow 1200mV 0C Model Hold 'cpu1:main_processor|Control_New:control_unit|present_state.state_2'
Slack : 0.365
TNS   : 0.000

Type  : Slow 1200mV 0C Model Hold 'memClk'
Slack : 0.697
TNS   : 0.000

Type  : Slow 1200mV 0C Model Recovery 'cpuClk'
Slack : -2.796
TNS   : -122.756

Type  : Slow 1200mV 0C Model Removal 'cpuClk'
Slack : 0.668
TNS   : 0.000

Type  : Slow 1200mV 0C Model Minimum Pulse Width 'cpuClk'
Slack : -3.000
TNS   : -161.134

Type  : Slow 1200mV 0C Model Minimum Pulse Width 'memClk'
Slack : -3.000
TNS   : -147.431

Type  : Slow 1200mV 0C Model Minimum Pulse Width 'cpu1:main_processor|Control_New:control_unit|present_state.state_2'
Slack : 0.355
TNS   : 0.000

Type  : Fast 1200mV 0C Model Setup 'memClk'
Slack : -6.018
TNS   : -74.359

Type  : Fast 1200mV 0C Model Setup 'cpuClk'
Slack : -5.874
TNS   : -352.903

Type  : Fast 1200mV 0C Model Setup 'cpu1:main_processor|Control_New:control_unit|present_state.state_2'
Slack : -1.861
TNS   : -19.217

Type  : Fast 1200mV 0C Model Hold 'cpu1:main_processor|Control_New:control_unit|present_state.state_2'
Slack : 0.012
TNS   : 0.000

Type  : Fast 1200mV 0C Model Hold 'cpuClk'
Slack : 0.155
TNS   : 0.000

Type  : Fast 1200mV 0C Model Hold 'memClk'
Slack : 0.184
TNS   : 0.000

Type  : Fast 1200mV 0C Model Recovery 'cpuClk'
Slack : -1.274
TNS   : -49.838

Type  : Fast 1200mV 0C Model Removal 'cpuClk'
Slack : 0.350
TNS   : 0.000

Type  : Fast 1200mV 0C Model Minimum Pulse Width 'cpuClk'
Slack : -3.000
TNS   : -132.283

Type  : Fast 1200mV 0C Model Minimum Pulse Width 'memClk'
Slack : -3.000
TNS   : -81.996

Type  : Fast 1200mV 0C Model Minimum Pulse Width 'cpu1:main_processor|Control_New:control_unit|present_state.state_2'
Slack : 0.168
TNS   : 0.000

------------------------------------------------------------
